amuza@XPS-14-L412Z MINGW64 ~/desktop/intro_git (master)
$ git init
Reinitialized existing Git repository in C:/Users/amuza/Desktop/intro_git/.git/


amuza@XPS-14-L412Z MINGW64 ~/desktop/intro_git (master)
$ git remote add origin https://github.com/Amuzax/intro_git.git


amuza@XPS-14-L412Z MINGW64 ~/desktop/intro_git (master)
$ git push -u origin master
Enumerating objects: 3, done.
Counting objects: 100% (3/3), done.
Delta compression using up to 4 threads
Compressing objects: 100% (2/2), done.
Writing objects: 100% (3/3), 279 bytes | 279.00 KiB/s, done.
Total 3 (delta 0), reused 0 (delta 0), pack-reused 0
To https://github.com/Amuzax/intro_git.git
 * [new branch]      master -> master
Branch 'master' set up to track remote branch 'master' from 'origin'.


amuza@XPS-14-L412Z MINGW64 ~/desktop/intro_git (master)
$ git status
On branch master
Your branch is up to date with 'origin/master'.

nothing to commit, working tree clean


amuza@XPS-14-L412Z MINGW64 ~/desktop/intro_git (master)
$ git status
On branch master
Your branch is up to date with 'origin/master'.

Changes not staged for commit:
  (use "git add <file>..." to update what will be committed)
  (use "git restore <file>..." to discard changes in working directory)
        modified:   first.txt

no changes added to commit (use "git add" and/or "git commit -a")


amuza@XPS-14-L412Z MINGW64 ~/desktop/intro_git (master)
$  git add .


amuza@XPS-14-L412Z MINGW64 ~/desktop/intro_git (master)
$ git status
On branch master
Your branch is up to date with 'origin/master'.

Changes to be committed:
  (use "git restore --staged <file>..." to unstage)
        modified:   first.txt


amuza@XPS-14-L412Z MINGW64 ~/desktop/intro_git (master)
$ git commit -v
[master c45943e] add, commitのコマンドを追記
 1 file changed, 2 insertions(+)


amuza@XPS-14-L412Z MINGW64 ~/desktop/intro_git (master)
$ git log
commit c45943eb64224beeef76214ac666ebf760f73d1b (HEAD -> master)
Author: Amuzax <amuzak.s@gmail.com>
Date:   Tue Jun 2 00:33:28 2020 +0900

    add, commitのコマンドを追記

    講座3-4の受講をしたから

commit 76812b377b3c5a90137f90777dbe91e293d246ea (origin/master)
Author: Amuzax <amuzak.s@gmail.com>
Date:   Mon Jun 1 23:54:11 2020 +0900

    initial commit


amuza@XPS-14-L412Z MINGW64 ~/desktop/intro_git (master)
$ git status
On branch master
Your branch is ahead of 'origin/master' by 1 commit.
  (use "git push" to publish your local commits)

Untracked files:
  (use "git add <file>..." to include in what will be committed)
        second.txt

nothing added to commit but untracked files present (use "git add" to track)


amuza@XPS-14-L412Z MINGW64 ~/desktop/intro_git (master)
$ git add second.txt


amuza@XPS-14-L412Z MINGW64 ~/desktop/intro_git (master)
$ git commit -v
[master dca21a7] second.txtを追加
 1 file changed, 1 insertion(+)
 create mode 100644 second.txt


amuza@XPS-14-L412Z MINGW64 ~/desktop/intro_git (master)
$ ls
first.txt  second.txt


amuza@XPS-14-L412Z MINGW64 ~/desktop/intro_git (master)
$ rm second.txt


amuza@XPS-14-L412Z MINGW64 ~/desktop/intro_git (master)
$ ls
first.txt


amuza@XPS-14-L412Z MINGW64 ~/desktop/intro_git (master)
$ git rm second.txt
rm 'second.txt'


amuza@XPS-14-L412Z MINGW64 ~/desktop/intro_git (master)
$ git commit -v
[master e8272fb] second.txtの削除
 1 file changed, 1 deletion(-)
 delete mode 100644 second.txt


amuza@XPS-14-L412Z MINGW64 ~/desktop/intro_git (master)
$ git status
On branch master
Your branch is ahead of 'origin/master' by 3 commits.
  (use "git push" to publish your local commits)

Changes not staged for commit:
  (use "git add <file>..." to update what will be committed)
  (use "git restore <file>..." to discard changes in working directory)
        modified:   first.txt

Untracked files:
  (use "git add <file>..." to include in what will be committed)
        second.txt

no changes added to commit (use "git add" and/or "git commit -a")
